Configuration on demand is an incubating feature.
Calculating task graph as no cached configuration is available for tasks: assembleDebug

[Incubating] Problems report is available at: file:///C:/Users/Paul%20Winger/CascadeProjects/BetterStreamflix/build/reports/problems/problems-report.html

FAILURE: Build failed with an exception.

* What went wrong:
A problem occurred configuring project ':app'.
> Failed to notify project evaluation listener.
   > Die Syntax f├╝r den Dateinamen, Verzeichnisnamen oder die Datentr├ñgerbezeichnung ist falsch

* Try:
> Run with --stacktrace option to get the stack trace.
> Run with --info or --debug option to get more log output.
> Run with --scan to get full insights.
> Get more help at https://help.gradle.org.

Deprecated Gradle features were used in this build, making it incompatible with Gradle 9.0.

You can use '--warning-mode all' to show the individual deprecation warnings and determine if they come from your own scripts or plugins.

For more on this, please refer to https://docs.gradle.org/8.14/userguide/command_line_interface.html#sec:command_line_warnings in the Gradle documentation.

BUILD FAILED in 2s
Configuration cache entry stored.
